components/product/ClientSalePDP.tsx(4,24): error TS2307: Cannot find module '@/app/components/SizeSelect' or its corresponding type declarations.
components/product/ClientSalePDP.tsx(5,26): error TS2307: Cannot find module '@/app/components/AddToBagSale' or its corresponding type declarations.
